testdata/invalid/duplicate_url_origin.txt:9: URL http://skqs.yourlib.org ← Origin already seen at "testdata/invalid/duplicate_url_origin.txt:3" (L2002)
