testdata/invalid/missing_url.txt:1: â†‘ Stanza "Google" has Title but no URL (L4003)
