testdata/invalid/unclosed_optionxforwardedfor.txt:8: â†‘ Stanza "CAS MethodsNow" has "Option X-Forwarded-For" but doesn't have a corresponding "Option NoX-Forwarded-For" line at the end of the stanza (L4002)
