testdata/invalid/unclosed_optionuft16.txt:4: â†‘ Stanza "Siku Quanshu" has "Option UTF16" but doesn't have a corresponding "Option NoUTF16" line at the end of the stanza (L4002)
