testdata/invalid_phe/NoTrailingDollarSign.txt:13: ProxyHostnameEdit rnajournal.org rnajournal-org ‚Üê Find part of "ProxyHostnameEdit" directive should end with a $ (L3002)
