testdata/invalid_case/WrongDirectiveCase.txt:1: title Siku Quanshu ‚Üê "title" directive does not have the right letter casing. It should be replaced by "Title" (L5001)
