testdata/invalid_https/NotUsingHTTPSScheme.txt:3: URL http://ejournals.ebsco.com ‚Üê URL is not using HTTPS scheme (L3007)
