testdata/invalid_origins/DuplicateInHJ.txt:4: HJ http://skqs2.yourlib.org ← Origin already seen at "testdata/invalid_origins/DuplicateInHJ.txt:3" (L2005)
