testdata/invalid_origins/DuplicateInH.txt:4: Host http://skqs2.yourlib.org ← Origin already seen at "testdata/invalid_origins/DuplicateInH.txt:3" (L2005)
